PLAN

        create a system that can predict horoscope by asking intelligent question 
        to the user and analyzing user's answer without birth date or explicit question directly related to horoscope.
        
1. Use AI to generate intelligent questions related to horoscope.
2. Show the questions to the user.
3. Get answers from the user for the asked questions.
4. Analyze user's answers by AI to predict the horoscope.
5. Use AI to generate the horoscope prediction based on the analyzed answers.
6. Show the horoscope prediction to the user.
TASK LIST

        create a system that can predict horoscope by asking intelligent question 
        to the user and analyzing user's answer without birth date or explicit question directly related to horoscope.
        
[
    {
        "step": 1,
        "task_type": "prompt_chat_template",
        "task_name": "generate_intelligent_questions",
        "input_key": "none",
        "output_key": "generated_questions",
        "description": "Use AI to generate intelligent questions related to horoscope."
    },
    {
        "step": 2,
        "task_type": "ui_output_text",
        "task_name": "show_questions_to_user",
        "input_key": "generated_questions",
        "output_key": "none",
        "description": "Show the generated questions to the user."
    },
    {
        "step": 3,
        "task_type": "ui_input_text",
        "task_name": "get_user_answers",
        "input_key": "none",
        "output_key": "user_answers",
        "description": "Get answers from the user for the asked questions."
    },
    {
        "step": 4,
        "task_type": "prompt_chat_template",
        "task_name": "analyze_user_answers",
        "input_key": "user_answers, generated_questions",
        "output_key": "analyzed_answers",
        "description": "Analyze user's answers by AI to predict the horoscope."
    },
    {
        "step": 5,
        "task_type": "prompt_chat_template",
        "task_name": "generate_horoscope_prediction",
        "input_key": "analyzed_answers",
        "output_key": "horoscope_prediction",
        "description": "Use AI to generate the horoscope prediction based on the analyzed answers."
    },
    {
        "step": 6,
        "task_type": "ui_output_text",
        "task_name": "show_horoscope_prediction_to_user",
        "input_key": "horoscope_prediction",
        "output_key": "none",
        "description": "Show the horoscope prediction to the user."
    }
]
